 randInitializeWeights_mex

 Timestamp is 55fadca6 (Thu Sep 17 23:30:46 2015)

 Preferred load address is 10000000

 Start         Length     Name                   Class
 0001:00000000 0000124aH .text                   CODE
 0002:00000000 00000134H .idata$5                DATA
 0002:00000134 00000004H .CRT$XCA                DATA
 0002:00000138 00000004H .CRT$XCZ                DATA
 0002:0000013c 00000004H .CRT$XIA                DATA
 0002:00000140 00000004H .CRT$XIAA               DATA
 0002:00000144 00000004H .CRT$XIZ                DATA
 0002:00000148 00000290H .rdata                  DATA
 0002:000003e0 00000004H .rdata$sxdata           DATA
 0002:000003e4 00000004H .rtc$IAA                DATA
 0002:000003e8 00000004H .rtc$IZZ                DATA
 0002:000003ec 00000004H .rtc$TAA                DATA
 0002:000003f0 00000004H .rtc$TZZ                DATA
 0002:000003f8 00000064H .xdata$x                DATA
 0002:0000045c 00000064H .idata$2                DATA
 0002:000004c0 00000014H .idata$3                DATA
 0002:000004d4 00000134H .idata$4                DATA
 0002:00000608 00000668H .idata$6                DATA
 0002:00000c70 000000f4H .edata                  DATA
 0003:00000000 000000b0H .data                   DATA
 0003:000000b0 00000354H .bss                    DATA

  Address         Publics by Value              Rva+Base       Lib:Object

 0000:00000000       __except_list              00000000     <absolute>
 0000:00000001       ___safe_se_handler_count   00000001     <absolute>
 0000:00009876       __fltused                  00009876     <absolute>
 0000:00009876       __ldused                   00009876     <absolute>
 0000:00000000       ___ImageBase               10000000     <linker-defined>
 0001:00000000       _randInitializeWeights_initialize 10001000 f   randInitializeWeights_initialize.obj
 0001:00000050       _randInitializeWeights_atexit 10001050 f   randInitializeWeights_terminate.obj
 0001:00000090       _randInitializeWeights_terminate 10001090 f   randInitializeWeights_terminate.obj
 0001:00000130       _randInitializeWeights     10001130 f   randInitializeWeights.obj
 0001:00000410       _randInitializeWeights_api 10001410 f   randInitializeWeights_api.obj
 0001:00000520       _emxEnsureCapacity         10001520 f   randInitializeWeights_emxutil.obj
 0001:000005f0       _emxFree_real_T            100015f0 f   randInitializeWeights_emxutil.obj
 0001:00000630       _emxInit_real_T            10001630 f   randInitializeWeights_emxutil.obj
 0001:00000780       _randInitializeWeights_atexit_wrapper 10001780 f   randInitializeWeights_mex.obj
 0001:00000790       _mexFunction               10001790 f   randInitializeWeights_mex.obj
 0001:000007c0       _emlrtMexFcnProperties     100017c0 f   randInitializeWeights_mex.obj
 0001:000008b0       _mxGetData                 100018b0 f   libmx:libmx.dll
 0001:000008b6       _mxCreateNumericMatrix_700 100018b6 f   libmx:libmx.dll
 0001:000008bc       _mxSetDimensions_700       100018bc f   libmx:libmx.dll
 0001:000008c2       _mxSetData                 100018c2 f   libmx:libmx.dll
 0001:000008c8       _mxCreateNumericArray_700  100018c8 f   libmx:libmx.dll
 0001:000008ce       _mxCreateDoubleScalar      100018ce f   libmx:libmx.dll
 0001:000008d4       _mxSetFieldByNumber_700    100018d4 f   libmx:libmx.dll
 0001:000008da       _mxCreateString            100018da f   libmx:libmx.dll
 0001:000008e0       _mxCreateLogicalMatrix_700 100018e0 f   libmx:libmx.dll
 0001:000008e6       _mxCreateStructMatrix_700  100018e6 f   libmx:libmx.dll
 0001:000008ec       _mexErrMsgIdAndTxt         100018ec f   libmex:libmex.dll
 0001:000008f2       _mexAtExit                 100018f2 f   libmex:libmex.dll
 0001:000008f8       _emlrtFirstTimeR2012b      100018f8 f   libemlrt:libemlrt.dll
 0001:000008fe       _emlrtEnterRtStackR2012b   100018fe f   libemlrt:libemlrt.dll
 0001:00000904       _emlrtClearAllocCountR2012b 10001904 f   libemlrt:libemlrt.dll
 0001:0000090a       _emlrtCreateRootTLS        1000190a f   libemlrt:libemlrt.dll
 0001:00000910       _emlrtGetBreakCheckFlagAddressR2012b 10001910 f   libemlrt:libemlrt.dll
 0001:00000916       _emlrtDestroyRootTLS       10001916 f   libemlrt:libemlrt.dll
 0001:0000091c       _emlrtLeaveRtStackR2012b   1000191c f   libemlrt:libemlrt.dll
 0001:00000922       _emlrtIntegerOverflowErrorR2012b 10001922 f   libemlrt:libemlrt.dll
 0001:00000928       _emlrtCallMATLABR2012b     10001928 f   libemlrt:libemlrt.dll
 0001:0000092e       _emlrtDestroyArray         1000192e f   libemlrt:libemlrt.dll
 0001:00000934       _emlrtImportArrayR2011b    10001934 f   libemlrt:libemlrt.dll
 0001:0000093a       _emlrtCheckVsBuiltInR2012b 1000193a f   libemlrt:libemlrt.dll
 0001:00000940       _emlrtAlias                10001940 f   libemlrt:libemlrt.dll
 0001:00000946       _emlrtPopRtStackR2012b     10001946 f   libemlrt:libemlrt.dll
 0001:0000094c       _emlrtAssign               1000194c f   libemlrt:libemlrt.dll
 0001:00000952       _emlrtPushRtStackR2012b    10001952 f   libemlrt:libemlrt.dll
 0001:00000958       _emlrtNonNegativeCheckR2012b 10001958 f   libemlrt:libemlrt.dll
 0001:0000095e       _emlrtCheckBuiltInR2012b   1000195e f   libemlrt:libemlrt.dll
 0001:00000964       _emlrtHeapReferenceStackLeaveFcnR2012b 10001964 f   libemlrt:libemlrt.dll
 0001:0000096a       _emlrtAliasP               1000196a f   libemlrt:libemlrt.dll
 0001:00000970       _emlrtHeapReferenceStackEnterFcnR2012b 10001970 f   libemlrt:libemlrt.dll
 0001:00000976       _emlrtFreeMex              10001976 f   libemlrt:libemlrt.dll
 0001:0000097c       _emlrtHeapAllocationErrorR2012b 1000197c f   libemlrt:libemlrt.dll
 0001:00000982       _emlrtCallocMex            10001982 f   libemlrt:libemlrt.dll
 0001:00000988       _emlrtSizeMulR2012b        10001988 f   libemlrt:libemlrt.dll
 0001:0000098e       _emlrtPushHeapReferenceStackR2012b 1000198e f   libemlrt:libemlrt.dll
 0001:00000994       _emlrtMallocMex            10001994 f   libemlrt:libemlrt.dll
 0001:0000099a       _emlrtReturnArrayR2009a    1000199a f   libemlrt:libemlrt.dll
 0001:000009a0       _memcpy                    100019a0 f   MSVCRT:MSVCR90.dll
 0001:000009f5       __CRT_INIT@12              100019f5 f   MSVCRT:crtdll.obj
 0001:00000d31       __DllMainCRTStartup@12     10001d31 f   MSVCRT:crtdll.obj
 0001:00000d54       ___clean_type_info_names   10001d54 f   MSVCRT:tncleanup.obj
 0001:00000d60       __onexit                   10001d60 f   MSVCRT:atonexit.obj
 0001:00000e05       _atexit                    10001e05 f   MSVCRT:atonexit.obj
 0001:00000e1c       __RTC_Initialize           10001e1c f   MSVCRT:_initsect_.obj
 0001:00000e42       __RTC_Terminate            10001e42 f   MSVCRT:_initsect_.obj
 0001:00000e70       __ValidateImageBase        10001e70 f   MSVCRT:pesect.obj
 0001:00000eb0       __FindPESection            10001eb0 f   MSVCRT:pesect.obj
 0001:00000f00       __IsNonwritableInCurrentImage 10001f00 f   MSVCRT:pesect.obj
 0001:00000fbe       __initterm                 10001fbe f   MSVCRT:MSVCR90.dll
 0001:00000fc4       __initterm_e               10001fc4 f   MSVCRT:MSVCR90.dll
 0001:00000fca       __amsg_exit                10001fca f   MSVCRT:MSVCR90.dll
 0001:00000fd0       ___CppXcptFilter           10001fd0 f   MSVCRT:MSVCR90.dll
 0001:00000fd6       _DllMain@12                10001fd6 f   MSVCRT:dllmain.obj
 0001:00000ffc       __SEH_prolog4              10001ffc f   MSVCRT:sehprolg4.obj
 0001:00001041       __SEH_epilog4              10002041 f   MSVCRT:sehprolg4.obj
 0001:00001055       __except_handler4          10002055 f   MSVCRT:chandler4gs.obj
 0001:0000107a       ___security_init_cookie    1000207a f   MSVCRT:gs_support.obj
 0001:00001110       ___clean_type_info_names_internal 10002110 f   MSVCRT:MSVCR90.dll
 0001:00001116       __unlock                   10002116 f   MSVCRT:MSVCR90.dll
 0001:0000111c       ___dllonexit               1000211c f   MSVCRT:MSVCR90.dll
 0001:00001122       __lock                     10002122 f   MSVCRT:MSVCR90.dll
 0001:00001128       @__security_check_cookie@4 10002128 f   MSVCRT:secchk.obj
 0001:00001138       __except_handler4_common   10002138 f   MSVCRT:MSVCR90.dll
 0001:0000113e       ___report_gsfailure        1000213e f   MSVCRT:gs_report.obj
 0001:00001244       __crt_debugger_hook        10002244 f   MSVCRT:MSVCR90.dll
 0002:00000000       __imp__IsDebuggerPresent@0 10003000     kernel32:KERNEL32.dll
 0002:00000004       __imp__SetUnhandledExceptionFilter@4 10003004     kernel32:KERNEL32.dll
 0002:00000008       __imp__UnhandledExceptionFilter@4 10003008     kernel32:KERNEL32.dll
 0002:0000000c       __imp__GetCurrentProcess@0 1000300c     kernel32:KERNEL32.dll
 0002:00000010       __imp__TerminateProcess@8  10003010     kernel32:KERNEL32.dll
 0002:00000014       __imp__GetSystemTimeAsFileTime@4 10003014     kernel32:KERNEL32.dll
 0002:00000018       __imp__GetCurrentProcessId@0 10003018     kernel32:KERNEL32.dll
 0002:0000001c       __imp__GetCurrentThreadId@0 1000301c     kernel32:KERNEL32.dll
 0002:00000020       __imp__GetTickCount@0      10003020     kernel32:KERNEL32.dll
 0002:00000024       __imp__QueryPerformanceCounter@4 10003024     kernel32:KERNEL32.dll
 0002:00000028       __imp__DisableThreadLibraryCalls@4 10003028     kernel32:KERNEL32.dll
 0002:0000002c       __imp__InterlockedCompareExchange@12 1000302c     kernel32:KERNEL32.dll
 0002:00000030       __imp__Sleep@4             10003030     kernel32:KERNEL32.dll
 0002:00000034       __imp__InterlockedExchange@8 10003034     kernel32:KERNEL32.dll
 0002:00000038       \177KERNEL32_NULL_THUNK_DATA 10003038     kernel32:KERNEL32.dll
 0002:0000003c       __imp___crt_debugger_hook  1000303c     MSVCRT:MSVCR90.dll
 0002:00000040       __imp___onexit             10003040     MSVCRT:MSVCR90.dll
 0002:00000044       __imp___lock               10003044     MSVCRT:MSVCR90.dll
 0002:00000048       __imp____dllonexit         10003048     MSVCRT:MSVCR90.dll
 0002:0000004c       __imp___unlock             1000304c     MSVCRT:MSVCR90.dll
 0002:00000050       __imp____clean_type_info_names_internal 10003050     MSVCRT:MSVCR90.dll
 0002:00000054       __imp____CppXcptFilter     10003054     MSVCRT:MSVCR90.dll
 0002:00000058       __imp___adjust_fdiv        10003058     MSVCRT:MSVCR90.dll
 0002:0000005c       __imp___amsg_exit          1000305c     MSVCRT:MSVCR90.dll
 0002:00000060       __imp___initterm_e         10003060     MSVCRT:MSVCR90.dll
 0002:00000064       __imp___initterm           10003064     MSVCRT:MSVCR90.dll
 0002:00000068       __imp___decode_pointer     10003068     MSVCRT:MSVCR90.dll
 0002:0000006c       __imp___encoded_null       1000306c     MSVCRT:MSVCR90.dll
 0002:00000070       __imp__free                10003070     MSVCRT:MSVCR90.dll
 0002:00000074       __imp___malloc_crt         10003074     MSVCRT:MSVCR90.dll
 0002:00000078       __imp___encode_pointer     10003078     MSVCRT:MSVCR90.dll
 0002:0000007c       __imp__memcpy              1000307c     MSVCRT:MSVCR90.dll
 0002:00000080       __imp___except_handler4_common 10003080     MSVCRT:MSVCR90.dll
 0002:00000084       \177MSVCR90_NULL_THUNK_DATA 10003084     MSVCRT:MSVCR90.dll
 0002:00000088       __imp__emlrtHeapReferenceStackEnterFcnR2012b 10003088     libemlrt:libemlrt.dll
 0002:0000008c       __imp__emlrtFreeMex        1000308c     libemlrt:libemlrt.dll
 0002:00000090       __imp__emlrtHeapAllocationErrorR2012b 10003090     libemlrt:libemlrt.dll
 0002:00000094       __imp__emlrtCallocMex      10003094     libemlrt:libemlrt.dll
 0002:00000098       __imp__emlrtAliasP         10003098     libemlrt:libemlrt.dll
 0002:0000009c       __imp__emlrtPushHeapReferenceStackR2012b 1000309c     libemlrt:libemlrt.dll
 0002:000000a0       __imp__emlrtMallocMex      100030a0     libemlrt:libemlrt.dll
 0002:000000a4       __imp__emlrtReturnArrayR2009a 100030a4     libemlrt:libemlrt.dll
 0002:000000a8       __imp__emlrtHeapReferenceStackLeaveFcnR2012b 100030a8     libemlrt:libemlrt.dll
 0002:000000ac       __imp__emlrtFirstTimeR2012b 100030ac     libemlrt:libemlrt.dll
 0002:000000b0       __imp__emlrtNonNegativeCheckR2012b 100030b0     libemlrt:libemlrt.dll
 0002:000000b4       __imp__emlrtPushRtStackR2012b 100030b4     libemlrt:libemlrt.dll
 0002:000000b8       __imp__emlrtAssign         100030b8     libemlrt:libemlrt.dll
 0002:000000bc       __imp__emlrtPopRtStackR2012b 100030bc     libemlrt:libemlrt.dll
 0002:000000c0       __imp__emlrtAlias          100030c0     libemlrt:libemlrt.dll
 0002:000000c4       __imp__emlrtCheckVsBuiltInR2012b 100030c4     libemlrt:libemlrt.dll
 0002:000000c8       __imp__emlrtImportArrayR2011b 100030c8     libemlrt:libemlrt.dll
 0002:000000cc       __imp__emlrtDestroyArray   100030cc     libemlrt:libemlrt.dll
 0002:000000d0       __imp__emlrtCallMATLABR2012b 100030d0     libemlrt:libemlrt.dll
 0002:000000d4       __imp__emlrtIntegerOverflowErrorR2012b 100030d4     libemlrt:libemlrt.dll
 0002:000000d8       __imp__emlrtLeaveRtStackR2012b 100030d8     libemlrt:libemlrt.dll
 0002:000000dc       __imp__emlrtDestroyRootTLS 100030dc     libemlrt:libemlrt.dll
 0002:000000e0       __imp__emlrtGetBreakCheckFlagAddressR2012b 100030e0     libemlrt:libemlrt.dll
 0002:000000e4       __imp__emlrtCreateRootTLS  100030e4     libemlrt:libemlrt.dll
 0002:000000e8       __imp__emlrtClearAllocCountR2012b 100030e8     libemlrt:libemlrt.dll
 0002:000000ec       __imp__emlrtSizeMulR2012b  100030ec     libemlrt:libemlrt.dll
 0002:000000f0       __imp__emlrtEnterRtStackR2012b 100030f0     libemlrt:libemlrt.dll
 0002:000000f4       __imp__emlrtCheckBuiltInR2012b 100030f4     libemlrt:libemlrt.dll
 0002:000000f8       \177libemlrt_NULL_THUNK_DATA 100030f8     libemlrt:libemlrt.dll
 0002:000000fc       __imp__mexAtExit           100030fc     libmex:libmex.dll
 0002:00000100       __imp__mexErrMsgIdAndTxt   10003100     libmex:libmex.dll
 0002:00000104       \177libmex_NULL_THUNK_DATA 10003104     libmex:libmex.dll
 0002:00000108       __imp__mxCreateStructMatrix_700 10003108     libmx:libmx.dll
 0002:0000010c       __imp__mxCreateLogicalMatrix_700 1000310c     libmx:libmx.dll
 0002:00000110       __imp__mxCreateString      10003110     libmx:libmx.dll
 0002:00000114       __imp__mxSetFieldByNumber_700 10003114     libmx:libmx.dll
 0002:00000118       __imp__mxCreateDoubleScalar 10003118     libmx:libmx.dll
 0002:0000011c       __imp__mxCreateNumericArray_700 1000311c     libmx:libmx.dll
 0002:00000120       __imp__mxSetData           10003120     libmx:libmx.dll
 0002:00000124       __imp__mxSetDimensions_700 10003124     libmx:libmx.dll
 0002:00000128       __imp__mxCreateNumericMatrix_700 10003128     libmx:libmx.dll
 0002:0000012c       __imp__mxGetData           1000312c     libmx:libmx.dll
 0002:00000130       \177libmx_NULL_THUNK_DATA  10003130     libmx:libmx.dll
 0002:00000134       ___xc_a                    10003134     MSVCRT:cinitexe.obj
 0002:00000138       ___xc_z                    10003138     MSVCRT:cinitexe.obj
 0002:0000013c       ___xi_a                    1000313c     MSVCRT:cinitexe.obj
 0002:00000144       ___xi_z                    10003144     MSVCRT:cinitexe.obj
 0002:00000148       ??_C@_0DH@DCAMDJL@I?3?1MATLAB?1R2012b?1toolbox?1eml?1lib@ 10003148     randInitializeWeights.obj
 0002:00000180       ??_C@_04HKINGDKC@rand?$AA@ 10003180     randInitializeWeights.obj
 0002:00000188       ??_C@_0FG@DNDLAJGG@J?3?1?h?$LP?$IF?i?$JL?$LH?d?$LI?$IL?h?$LN?$LN?1machine?9learning@ 10003188     randInitializeWeights.obj
 0002:000001e0       ??_C@_0BG@OJFCDCHB@randInitializeWeights?$AA@ 100031e0     randInitializeWeights.obj
 0002:000001f8       ??_C@_06BNJCAIGJ@double?$AA@ 100031f8     randInitializeWeights.obj
 0002:00000200       __real@3fbeb851eb851eb8    10003200     randInitializeWeights.obj
 0002:00000208       __real@4000000000000000    10003208     randInitializeWeights.obj
 0002:00000210       __real@0000000000000000    10003210     randInitializeWeights.obj
 0002:00000218       ??_C@_00CNPNBAHC@?$AA@     10003218     randInitializeWeights_api.obj
 0002:0000021c       ??_C@_0BK@HMCAODMP@randInitializeWeights_api?$AA@ 1000321c     randInitializeWeights_api.obj
 0002:00000240       ??_C@_05PCMOAPL@int16?$AA@ 10003240     randInitializeWeights_api.obj
 0002:00000248       ??_C@_05PGMIDNEN@L_out?$AA@ 10003248     randInitializeWeights_api.obj
 0002:00000250       ??_C@_04ILMIBENI@L_in?$AA@ 10003250     randInitializeWeights_api.obj
 0002:00000258       ??_C@_0CH@DLJMAEFE@emlcoder?3emlmex?3TooManyOutputArg@ 10003258     randInitializeWeights_mex.obj
 0002:00000280       ??_C@_0ED@HGAHGPPB@Too?5many?5output?5arguments?5for?5en@ 10003280     randInitializeWeights_mex.obj
 0002:000002c4       ??_C@_0CE@IHHIPLIO@emlcoder?3emlmex?3WrongNumberOfInp@ 100032c4     randInitializeWeights_mex.obj
 0002:000002e8       ??_C@_0DL@BHLCEMKI@2?5inputs?5required?5for?5entry?9poin@ 100032e8     randInitializeWeights_mex.obj
 0002:00000324       ??_C@_0BD@NDMMKFEF@8?40?40?4783?5?$CIR2012b?$CJ?$AA@ 10003324     randInitializeWeights_mex.obj
 0002:00000338       ??_C@_0P@FDPDNMBC@ConstantInputs?$AA@ 10003338     randInitializeWeights_mex.obj
 0002:00000348       ??_C@_0BA@HBLCOFA@NumberOfOutputs?$AA@ 10003348     randInitializeWeights_mex.obj
 0002:00000358       ??_C@_0P@DJPKAEOC@NumberOfInputs?$AA@ 10003358     randInitializeWeights_mex.obj
 0002:00000368       ??_C@_04FABLJDN@Name?$AA@  10003368     randInitializeWeights_mex.obj
 0002:00000370       ??_C@_0M@HOOGCLMJ@EntryPoints?$AA@ 10003370     randInitializeWeights_mex.obj
 0002:0000037c       ??_C@_07NGFJPNPN@Version?$AA@ 1000337c     randInitializeWeights_mex.obj
 0002:00000384       __pRawDllMain              10003384     MSVCRT:crtdll.obj
 0002:00000384       __pDefaultRawDllMain       10003384     MSVCRT:crtdll.obj
 0002:00000390       __load_config_used         10003390     MSVCRT:loadcfg.obj
 0002:000003e0       ___safe_se_handler_table   100033e0     <linker-defined>
 0002:000003e4       ___rtc_iaa                 100033e4     MSVCRT:_initsect_.obj
 0002:000003e8       ___rtc_izz                 100033e8     MSVCRT:_initsect_.obj
 0002:000003ec       ___rtc_taa                 100033ec     MSVCRT:_initsect_.obj
 0002:000003f0       ___rtc_tzz                 100033f0     MSVCRT:_initsect_.obj
 0002:0000045c       __IMPORT_DESCRIPTOR_libmx  1000345c     libmx:libmx.dll
 0002:00000470       __IMPORT_DESCRIPTOR_libmex 10003470     libmex:libmex.dll
 0002:00000484       __IMPORT_DESCRIPTOR_libemlrt 10003484     libemlrt:libemlrt.dll
 0002:00000498       __IMPORT_DESCRIPTOR_MSVCR90 10003498     MSVCRT:MSVCR90.dll
 0002:000004ac       __IMPORT_DESCRIPTOR_KERNEL32 100034ac     kernel32:KERNEL32.dll
 0002:000004c0       __NULL_IMPORT_DESCRIPTOR   100034c0     libmx:libmx.dll
 0003:00000070       _emlrtContextGlobal        10004070     randInitializeWeights_mex.obj
 0003:000000a0       ___native_dllmain_reason   100040a0     MSVCRT:natstart.obj
 0003:000000a4       ___native_vcclrit_reason   100040a4     MSVCRT:natstart.obj
 0003:000000a8       ___security_cookie         100040a8     MSVCRT:gs_cookie.obj
 0003:000000ac       ___security_cookie_complement 100040ac     MSVCRT:gs_cookie.obj
 0003:000000b4       _emlrtRootTLSGlobal        100040b4     randInitializeWeights_mex.obj
 0003:000000bc       ?__type_info_root_node@@3U__type_info_node@@A 100040bc     MSVCRT:tncleanup.obj
 0003:000003ec       __adjust_fdiv              100043ec     <common>
 0003:000003f0       ___native_startup_state    100043f0     <common>
 0003:000003f4       ___native_startup_lock     100043f4     <common>
 0003:000003f8       ___onexitend               100043f8     <common>
 0003:000003fc       ___onexitbegin             100043fc     <common>
 0003:00000400       ___dyn_tls_init_callback   10004400     <common>

 entry point at        0001:00000d31

 Static symbols

 0001:000000b0       _e_emlrt_marshallIn        100010b0 f   randInitializeWeights.obj
 0001:000003b0       _d_emlrt_marshallIn        100013b0 f   randInitializeWeights_api.obj
 0001:000006e0       _randInitializeWeights_mexFunction 100016e0 f   randInitializeWeights_mex.obj
 0001:000009a6       _pre_c_init                100019a6 f   MSVCRT:crtdll.obj
 0001:00000c1b       ___DllMainCRTStartup       10001c1b f   MSVCRT:crtdll.obj
